// Jest Snapshot v1, https://goo.gl/fbAQLP

exports[`vue integration warns about fluent errors 1`] = `<div>{NUMBER($arg)}</div>`;

exports[`vue integration warns about missing translation 1`] = `<div>message-not-found</div>`;
