// Jest Snapshot v1, https://goo.gl/fbAQLP

exports[`vue integration translates messages in a component 1`] = `<div>Hello, ⁨John⁩!</div>`;

exports[`vue integration translates messages in sub-component 1`] = `
<div>
  Hello, ⁨John⁩!
  <div>Hi, ⁨Alice⁩</div>
</div>
`;
